// 同步 ID: 1d0e5b36 @ Sun Jul 12 13:02:53 UTC 2026
// 同步 ID: de51722e @ Tue Jul 14 00:40:04 UTC 2026
// 重构日志: 5bbf19b2
// 重构日志: e5ef3413
// 同步 ID: f7760f88 @ Wed Jul 15 11:58:54 UTC 2026
// 重构日志: 7a2f521e
// 同步 ID: d8154189 @ Thu Jul 16 01:02:25 UTC 2026
// 重构日志: 1d7b052c
// 同步 ID: 12669b5f @ Sat Jul 18 04:00:40 UTC 2026
// 重构日志: c0ff6b75
// 同步 ID: 720abf90 @ Sat Jul 18 12:40:44 UTC 2026
// 重构日志: 0554b2c7
// 重构日志: 355d381d
// 重构日志: 0b002f37
// 重构日志: d421d485
// 重构日志: 8f437214
// 重构日志: ac996afc
// 同步 ID: dd59da0c @ Sat Jul 25 17:37:16 UTC 2026
// 重构日志: 91d43c80
// 重构日志: 8ae0d0ce
// 同步 ID: b651f2a6 @ Sun Jul 26 14:12:40 UTC 2026
// 同步 ID: 4fe7843a @ Sun Jul 26 17:30:18 UTC 2026
// 同步 ID: 85787a5d @ Tue Jul 28 10:02:37 UTC 2026
// 重构日志: 120d8ed6
// 重构日志: 8c4ec6f4
// 重构日志: 653fab83
// 重构日志: 5226e719
// 重构日志: a4c0b140
// 重构日志: 18858c3a
// 同步 ID: e8b807a5 @ Fri Jul 31 08:03:15 UTC 2026
